/app/unified-api/bridge.py:41: DeprecationWarning:
        on_event is deprecated, use lifespan event handlers instead.

        Read more about it in the
        [FastAPI docs for Lifespan Events](https://fastapi.tiangolo.com/advanced/events/).

  @app.on_event("startup")
INFO:     Started server process [97351]
INFO:     Waiting for application startup.
INFO:aegis-bridge:AEGIS Unified API Started
INFO:aegis-bridge:Starting intelligence analysis cycle...
INFO:     Application startup complete.
INFO:     Uvicorn running on http://0.0.0.0:8001 (Press CTRL+C to quit)
ERROR:ingestors.bridge_logic:Failed to bridge ShadowBroker data: All connection attempts failed
INFO:httpx:HTTP Request: GET https://api.gdeltproject.org/api/v2/events/events?format=json&query=conflict "HTTP/1.1 404 Not Found"
INFO:httpx:HTTP Request: GET https://earthquake.usgs.gov/earthquakes/feed/v1.0/summary/all_hour.geojson "HTTP/1.1 200 OK"
INFO:aegis-bridge:Analysis cycle complete.
INFO:     127.0.0.1:49208 - "GET /health HTTP/1.1" 200 OK
INFO:aegis-bridge:Starting intelligence analysis cycle...
ERROR:ingestors.bridge_logic:Failed to bridge ShadowBroker data: All connection attempts failed
INFO:httpx:HTTP Request: GET https://earthquake.usgs.gov/earthquakes/feed/v1.0/summary/all_hour.geojson "HTTP/1.1 200 OK"
INFO:httpx:HTTP Request: GET https://api.gdeltproject.org/api/v2/events/events?format=json&query=conflict "HTTP/1.1 404 Not Found"
INFO:aegis-bridge:Analysis cycle complete.
INFO:     127.0.0.1:59764 - "GET /health HTTP/1.1" 200 OK
ERROR:ingestors.bridge_logic:Failed to bridge ShadowBroker data: All connection attempts failed
INFO:httpx:HTTP Request: GET https://earthquake.usgs.gov/earthquakes/feed/v1.0/summary/all_hour.geojson "HTTP/1.1 200 OK"
INFO:httpx:HTTP Request: GET https://celestrak.org/NORAD/elements/gp.php?GROUP=active&FORMAT=tle "HTTP/1.1 200 OK"
INFO:httpx:HTTP Request: GET https://api.gdeltproject.org/api/v2/events/events?format=json&query=conflict "HTTP/1.1 404 Not Found"
INFO:     127.0.0.1:59774 - "GET /api/stream HTTP/1.1" 200 OK
INFO:     127.0.0.1:57472 - "GET /api/accuracy HTTP/1.1" 200 OK
INFO:aegis-bridge:Starting intelligence analysis cycle...
ERROR:ingestors.bridge_logic:Failed to bridge ShadowBroker data: All connection attempts failed
INFO:httpx:HTTP Request: GET https://earthquake.usgs.gov/earthquakes/feed/v1.0/summary/all_hour.geojson "HTTP/1.1 200 OK"
INFO:httpx:HTTP Request: GET https://celestrak.org/NORAD/elements/gp.php?GROUP=active&FORMAT=tle "HTTP/1.1 403 Forbidden"
INFO:httpx:HTTP Request: GET https://api.gdeltproject.org/api/v2/events/events?format=json&query=conflict "HTTP/1.1 404 Not Found"
INFO:aegis-bridge:Analysis cycle complete.
INFO:aegis-bridge:Starting intelligence analysis cycle...
ERROR:ingestors.bridge_logic:Failed to bridge ShadowBroker data: All connection attempts failed
INFO:httpx:HTTP Request: GET https://earthquake.usgs.gov/earthquakes/feed/v1.0/summary/all_hour.geojson "HTTP/1.1 200 OK"
INFO:httpx:HTTP Request: GET https://celestrak.org/NORAD/elements/gp.php?GROUP=active&FORMAT=tle "HTTP/1.1 403 Forbidden"
INFO:httpx:HTTP Request: GET https://api.gdeltproject.org/api/v2/events/events?format=json&query=conflict "HTTP/1.1 404 Not Found"
INFO:aegis-bridge:Analysis cycle complete.
INFO:aegis-bridge:Starting intelligence analysis cycle...
ERROR:ingestors.bridge_logic:Failed to bridge ShadowBroker data: All connection attempts failed
INFO:httpx:HTTP Request: GET https://earthquake.usgs.gov/earthquakes/feed/v1.0/summary/all_hour.geojson "HTTP/1.1 200 OK"
INFO:httpx:HTTP Request: GET https://api.gdeltproject.org/api/v2/events/events?format=json&query=conflict "HTTP/1.1 404 Not Found"
INFO:httpx:HTTP Request: GET https://celestrak.org/NORAD/elements/gp.php?GROUP=active&FORMAT=tle "HTTP/1.1 200 OK"
INFO:aegis-bridge:Analysis cycle complete.
